[     499ms] [LOG] [Client Instrumentation Hook] Slow execution detected: 26ms (Note: Code download overhead is not included in this measurement) @ http://localhost:3000/_next/static/chunks/0fyd_%40sentry_core_build_esm_1mv3ahw._.js:10305
[     524ms] [INFO] %cDownload the React DevTools for a better development experience: https://react.dev/link/react-devtools font-weight:bold @ http://localhost:3000/_next/static/chunks/0fyd_%40sentry_core_build_esm_1mv3ahw._.js:10305
[     625ms] [LOG] [HMR] connected @ http://localhost:3000/_next/static/chunks/0fyd_%40sentry_core_build_esm_1mv3ahw._.js:10305
[    1442ms] [LOG] [Fast Refresh] rebuilding @ http://localhost:3000/_next/static/chunks/0fyd_%40sentry_core_build_esm_1mv3ahw._.js:10305
[    1936ms] [LOG] %c[Vercel Web Analytics]%c Debug mode is enabled by default in development. No requests will be sent to the server. color: rgb(120, 120, 120) color: inherit @ http://localhost:3000/_next/static/chunks/0fyd_%40sentry_core_build_esm_1mv3ahw._.js:10305
[    1936ms] [LOG] %c[Vercel Web Analytics]%c Running queued event color: rgb(120, 120, 120) color: inherit pageview {route: /, path: /} @ http://localhost:3000/_next/static/chunks/0fyd_%40sentry_core_build_esm_1mv3ahw._.js:10305
[    1937ms] [LOG] %c[Vercel Web Analytics]%c [view] http://localhost:3000/ color: rgb(120, 120, 120) color: inherit {o: http://localhost:3000/, sv: 0.1.3, sdkn: @vercel/analytics/next, sdkv: 2.0.1, ts: 1784400624582} /_vercel/insights/view @ http://localhost:3000/_next/static/chunks/0fyd_%40sentry_core_build_esm_1mv3ahw._.js:10305
[    2838ms] [LOG] [Fast Refresh] done in 2152ms @ http://localhost:3000/_next/static/chunks/0fyd_%40sentry_core_build_esm_1mv3ahw._.js:10305
[   62903ms] [LOG] [Fast Refresh] rebuilding @ http://localhost:3000/_next/static/chunks/0fyd_%40sentry_core_build_esm_1mv3ahw._.js:10305
[   62919ms] [LOG] [Fast Refresh] done in 115ms @ http://localhost:3000/_next/static/chunks/0fyd_%40sentry_core_build_esm_1mv3ahw._.js:10305
[   63051ms] [INFO] %cDownload the React DevTools for a better development experience: https://react.dev/link/react-devtools font-weight:bold @ http://localhost:3000/_next/static/chunks/0fyd_%40sentry_core_build_esm_1mv3ahw._.js:10305
[   63077ms] [LOG] [HMR] connected @ http://localhost:3000/_next/static/chunks/0fyd_%40sentry_core_build_esm_1mv3ahw._.js:10305
[   63108ms] [LOG] %c[Vercel Web Analytics]%c Debug mode is enabled by default in development. No requests will be sent to the server. color: rgb(120, 120, 120) color: inherit @ http://localhost:3000/_next/static/chunks/0fyd_%40sentry_core_build_esm_1mv3ahw._.js:10305
[   63109ms] [LOG] %c[Vercel Web Analytics]%c Running queued event color: rgb(120, 120, 120) color: inherit pageview {route: /rankings, path: /rankings} @ http://localhost:3000/_next/static/chunks/0fyd_%40sentry_core_build_esm_1mv3ahw._.js:10305
[   63109ms] [LOG] %c[Vercel Web Analytics]%c [view] http://localhost:3000/rankings color: rgb(120, 120, 120) color: inherit {o: http://localhost:3000/rankings, sv: 0.1.3, sdkn: @vercel/analytics/next, sdkv: 2.0.1, ts: 1784400685754} /_vercel/insights/view @ http://localhost:3000/_next/static/chunks/0fyd_%40sentry_core_build_esm_1mv3ahw._.js:10305
[   65118ms] [LOG] [Fast Refresh] rebuilding @ http://localhost:3000/_next/static/chunks/0fyd_%40sentry_core_build_esm_1mv3ahw._.js:10305
[   65125ms] [LOG] [Fast Refresh] done in 574ms @ http://localhost:3000/_next/static/chunks/0fyd_%40sentry_core_build_esm_1mv3ahw._.js:10305
[   72450ms] [LOG] %c[Vercel Web Analytics]%c [view] http://localhost:3000/ color: rgb(120, 120, 120) color: inherit {o: http://localhost:3000/, sv: 0.1.3, sdkn: @vercel/analytics/next, sdkv: 2.0.1, ts: 1784400695095} /_vercel/insights/view @ http://localhost:3000/_next/static/chunks/0fyd_%40sentry_core_build_esm_1mv3ahw._.js:10305
[   72729ms] [INFO] %cDownload the React DevTools for a better development experience: https://react.dev/link/react-devtools font-weight:bold @ http://localhost:3000/_next/static/chunks/0fyd_%40sentry_core_build_esm_1mv3ahw._.js:10305
[   72747ms] [LOG] [HMR] connected @ http://localhost:3000/_next/static/chunks/0fyd_%40sentry_core_build_esm_1mv3ahw._.js:10305
[   73303ms] [LOG] %c[Vercel Web Analytics]%c Debug mode is enabled by default in development. No requests will be sent to the server. color: rgb(120, 120, 120) color: inherit @ http://localhost:3000/_next/static/chunks/0fyd_%40sentry_core_build_esm_1mv3ahw._.js:10305
[   73303ms] [LOG] %c[Vercel Web Analytics]%c Running queued event color: rgb(120, 120, 120) color: inherit pageview {route: /, path: /} @ http://localhost:3000/_next/static/chunks/0fyd_%40sentry_core_build_esm_1mv3ahw._.js:10305
[   73303ms] [LOG] %c[Vercel Web Analytics]%c [view] http://localhost:3000/ color: rgb(120, 120, 120) color: inherit {o: http://localhost:3000/, sv: 0.1.3, sdkn: @vercel/analytics/next, sdkv: 2.0.1, ts: 1784400695948} /_vercel/insights/view @ http://localhost:3000/_next/static/chunks/0fyd_%40sentry_core_build_esm_1mv3ahw._.js:10305
[   73401ms] [LOG] [Fast Refresh] rebuilding @ http://localhost:3000/_next/static/chunks/0fyd_%40sentry_core_build_esm_1mv3ahw._.js:10305
[   73412ms] [LOG] [Fast Refresh] done in 110ms @ http://localhost:3000/_next/static/chunks/0fyd_%40sentry_core_build_esm_1mv3ahw._.js:10305
